./plugins/data-uri/generated/plugins/other-plugin/generated/example.flac.ts ./plugins/data-uri/generated/plugins/other-plugin/generated/example.jpg.ts ./plugins/data-uri/generated/plugins/other-plugin/generated/example.mp3.ts ./plugins/data-uri/generated/plugins/other-plugin/generated/example.ogg.ts ./plugins/data-uri/generated/plugins/other-plugin/generated/example.png.ts ./plugins/data-uri/generated/plugins/other-plugin/generated/example.svg.ts ./plugins/data-uri/generated/plugins/other-plugin/generated/example.wav.ts
